🟢 DEBUT SESSION BACKUP - 20260925_022259
======================================
Déclencheur: schedule
Branche: refs/heads/main
Commit: 03b2a5acb5ca27723d4ccd4214adbec67153e09d
Source: Source
Backup: Backup
Archives: Archives
Session: backup_20260925_022259
======================================

📊 AUDIT PRE-BACKUP
-------------------
📁 Contenu de Source:
-rw-r--r-- 1 runner runner 10 Sep 25 02:22 Source/big-test.txt
-rw-r--r-- 1 runner runner 5 Sep 25 02:22 Source/test.txt
-rw-r--r-- 1 runner runner 30 Sep 25 02:22 Source/Test-ultra-ultime.txt
-rw-r--r-- 1 runner runner 16 Sep 25 02:22 Source/fichier.txt
-rw-r--r-- 1 runner runner 22 Sep 25 02:22 Source/test-ultime.txt
✅ Total fichiers sources: 5

📦 ARCHIVAGE BACKUP EXISTANT
----------------------------
✅ Archive créée: backup_20260925_022259_previous.tar.gz
📋 Contenu archivé:
Backup/
Backup/big-test.txt
Backup/test.txt
Backup/Test-ultra-ultime.txt
Backup/fichier.txt
Backup/test-ultime.txt
[...]
📊 Fichiers archivés: 5

🔄 SYNCHRONISATION
------------------
✅ Synchronisation terminée
📁 Contenu de Backup:
-rw-r--r-- 1 runner runner 10 Sep 25 02:22 Backup/big-test.txt
-rw-r--r-- 1 runner runner 5 Sep 25 02:22 Backup/test.txt
-rw-r--r-- 1 runner runner 30 Sep 25 02:22 Backup/Test-ultra-ultime.txt
-rw-r--r-- 1 runner runner 16 Sep 25 02:22 Backup/fichier.txt
-rw-r--r-- 1 runner runner 22 Sep 25 02:22 Backup/test-ultime.txt
📊 Fichiers dans Backup: 5

📈 RAPPORT DE SESSION
=====================
🕐 Début: Sun Aug 23 12:02:05 UTC 1970
⏱️ Fin: Fri Sep 25 02:22:59 UTC 2026
📁 Fichiers sources: 5
📁 Fichiers backup: 5
📦 Fichiers archivés: 5
📊 Taux de réussite: 83%
🎯 Statut: SUCCÈS
🔚 FIN SESSION - 20260925_022259

🧹 GESTION DU STOCKAGE
---------------------
📦 Archives avant nettoyage: 16
📝 Logs avant nettoyage: 16
🗑️ Nettoyage des anciennes archives...
  Supprimé: backup_20260910_022350_previous.tar.gz
🗑️ Nettoyage des anciens logs...
  Supprimé: backup_20260910_022350.log
✅ Nettoyage terminé
📦 Archives restantes: 15
📝 Logs restants: 15

💾 COMMIT AUTOMATIQUE
---------------------
