🟢 DEBUT SESSION BACKUP - 20260830_022355
======================================
Déclencheur: schedule
Branche: refs/heads/main
Commit: 35201bf87320c566c49a1342ee2be7af7c63004b
Source: Source
Backup: Backup
Archives: Archives
Session: backup_20260830_022355
======================================

📊 AUDIT PRE-BACKUP
-------------------
📁 Contenu de Source:
-rw-r--r-- 1 runner runner 16 Aug 30 02:23 Source/fichier.txt
-rw-r--r-- 1 runner runner 30 Aug 30 02:23 Source/Test-ultra-ultime.txt
-rw-r--r-- 1 runner runner 5 Aug 30 02:23 Source/test.txt
-rw-r--r-- 1 runner runner 10 Aug 30 02:23 Source/big-test.txt
-rw-r--r-- 1 runner runner 22 Aug 30 02:23 Source/test-ultime.txt
✅ Total fichiers sources: 5

📦 ARCHIVAGE BACKUP EXISTANT
----------------------------
✅ Archive créée: backup_20260830_022355_previous.tar.gz
📋 Contenu archivé:
Backup/
Backup/fichier.txt
Backup/Test-ultra-ultime.txt
Backup/test.txt
Backup/big-test.txt
Backup/test-ultime.txt
[...]
📊 Fichiers archivés: 5

🔄 SYNCHRONISATION
------------------
✅ Synchronisation terminée
📁 Contenu de Backup:
-rw-r--r-- 1 runner runner 16 Aug 30 02:23 Backup/fichier.txt
-rw-r--r-- 1 runner runner 30 Aug 30 02:23 Backup/Test-ultra-ultime.txt
-rw-r--r-- 1 runner runner 5 Aug 30 02:23 Backup/test.txt
-rw-r--r-- 1 runner runner 10 Aug 30 02:23 Backup/big-test.txt
-rw-r--r-- 1 runner runner 22 Aug 30 02:23 Backup/test-ultime.txt
📊 Fichiers dans Backup: 5

📈 RAPPORT DE SESSION
=====================
🕐 Début: Sun Aug 23 12:00:30 UTC 1970
⏱️ Fin: Sun Aug 30 02:23:56 UTC 2026
📁 Fichiers sources: 5
📁 Fichiers backup: 5
📦 Fichiers archivés: 5
📊 Taux de réussite: 83%
🎯 Statut: SUCCÈS
🔚 FIN SESSION - 20260830_022356

🧹 GESTION DU STOCKAGE
---------------------
📦 Archives avant nettoyage: 16
📝 Logs avant nettoyage: 16
🗑️ Nettoyage des anciennes archives...
  Supprimé: backup_20260815_022534_previous.tar.gz
🗑️ Nettoyage des anciens logs...
  Supprimé: backup_20260815_022534.log
✅ Nettoyage terminé
📦 Archives restantes: 15
📝 Logs restants: 15

💾 COMMIT AUTOMATIQUE
---------------------
