🟢 DEBUT SESSION BACKUP - 20260928_023219
======================================
Déclencheur: schedule
Branche: refs/heads/main
Commit: 991f79bcbf71b325e3baf7c7dff172d5c57630cf
Source: Source
Backup: Backup
Archives: Archives
Session: backup_20260928_023219
======================================

📊 AUDIT PRE-BACKUP
-------------------
📁 Contenu de Source:
-rw-r--r-- 1 runner runner 10 Sep 28 02:32 Source/big-test.txt
-rw-r--r-- 1 runner runner 5 Sep 28 02:32 Source/test.txt
-rw-r--r-- 1 runner runner 30 Sep 28 02:32 Source/Test-ultra-ultime.txt
-rw-r--r-- 1 runner runner 16 Sep 28 02:32 Source/fichier.txt
-rw-r--r-- 1 runner runner 22 Sep 28 02:32 Source/test-ultime.txt
✅ Total fichiers sources: 5

📦 ARCHIVAGE BACKUP EXISTANT
----------------------------
✅ Archive créée: backup_20260928_023219_previous.tar.gz
📋 Contenu archivé:
Backup/
Backup/big-test.txt
Backup/test.txt
Backup/Test-ultra-ultime.txt
Backup/fichier.txt
Backup/test-ultime.txt
[...]
📊 Fichiers archivés: 5

🔄 SYNCHRONISATION
------------------
✅ Synchronisation terminée
📁 Contenu de Backup:
-rw-r--r-- 1 runner runner 10 Sep 28 02:32 Backup/big-test.txt
-rw-r--r-- 1 runner runner 5 Sep 28 02:32 Backup/test.txt
-rw-r--r-- 1 runner runner 30 Sep 28 02:32 Backup/Test-ultra-ultime.txt
-rw-r--r-- 1 runner runner 16 Sep 28 02:32 Backup/fichier.txt
-rw-r--r-- 1 runner runner 22 Sep 28 02:32 Backup/test-ultime.txt
📊 Fichiers dans Backup: 5

📈 RAPPORT DE SESSION
=====================
🕐 Début: Sun Aug 23 12:02:08 UTC 1970
⏱️ Fin: Mon Sep 28 02:32:19 UTC 2026
📁 Fichiers sources: 5
📁 Fichiers backup: 5
📦 Fichiers archivés: 5
📊 Taux de réussite: 83%
🎯 Statut: SUCCÈS
🔚 FIN SESSION - 20260928_023219

🧹 GESTION DU STOCKAGE
---------------------
📦 Archives avant nettoyage: 16
📝 Logs avant nettoyage: 16
🗑️ Nettoyage des anciennes archives...
  Supprimé: backup_20260913_022345_previous.tar.gz
🗑️ Nettoyage des anciens logs...
  Supprimé: backup_20260913_022345.log
✅ Nettoyage terminé
📦 Archives restantes: 15
📝 Logs restants: 15

💾 COMMIT AUTOMATIQUE
---------------------
