🟢 DEBUT SESSION BACKUP - 20260822_022653
======================================
Déclencheur: schedule
Branche: refs/heads/main
Commit: ea8c5897d0a56577019711e74d7f783791c6940b
Source: Source
Backup: Backup
Archives: Archives
Session: backup_20260822_022653
======================================

📊 AUDIT PRE-BACKUP
-------------------
📁 Contenu de Source:
-rw-r--r-- 1 runner runner 16 Aug 22 02:26 Source/fichier.txt
-rw-r--r-- 1 runner runner 30 Aug 22 02:26 Source/Test-ultra-ultime.txt
-rw-r--r-- 1 runner runner 5 Aug 22 02:26 Source/test.txt
-rw-r--r-- 1 runner runner 10 Aug 22 02:26 Source/big-test.txt
-rw-r--r-- 1 runner runner 22 Aug 22 02:26 Source/test-ultime.txt
✅ Total fichiers sources: 5

📦 ARCHIVAGE BACKUP EXISTANT
----------------------------
✅ Archive créée: backup_20260822_022653_previous.tar.gz
📋 Contenu archivé:
Backup/
Backup/fichier.txt
Backup/Test-ultra-ultime.txt
Backup/test.txt
Backup/big-test.txt
Backup/test-ultime.txt
[...]
📊 Fichiers archivés: 5

🔄 SYNCHRONISATION
------------------
✅ Synchronisation terminée
📁 Contenu de Backup:
-rw-r--r-- 1 runner runner 16 Aug 22 02:26 Backup/fichier.txt
-rw-r--r-- 1 runner runner 30 Aug 22 02:26 Backup/Test-ultra-ultime.txt
-rw-r--r-- 1 runner runner 5 Aug 22 02:26 Backup/test.txt
-rw-r--r-- 1 runner runner 10 Aug 22 02:26 Backup/big-test.txt
-rw-r--r-- 1 runner runner 22 Aug 22 02:26 Backup/test-ultime.txt
📊 Fichiers dans Backup: 5

📈 RAPPORT DE SESSION
=====================
🕐 Début: Sun Aug 23 12:00:22 UTC 1970
⏱️ Fin: Sat Aug 22 02:26:53 UTC 2026
📁 Fichiers sources: 5
📁 Fichiers backup: 5
📦 Fichiers archivés: 5
📊 Taux de réussite: 83%
🎯 Statut: SUCCÈS
🔚 FIN SESSION - 20260822_022653

🧹 GESTION DU STOCKAGE
---------------------
📦 Archives avant nettoyage: 16
📝 Logs avant nettoyage: 16
🗑️ Nettoyage des anciennes archives...
  Supprimé: backup_20260807_030546_previous.tar.gz
🗑️ Nettoyage des anciens logs...
  Supprimé: backup_20260807_030546.log
✅ Nettoyage terminé
📦 Archives restantes: 15
📝 Logs restants: 15

💾 COMMIT AUTOMATIQUE
---------------------
