🟢 DEBUT SESSION BACKUP - 20260921_022715
======================================
Déclencheur: schedule
Branche: refs/heads/main
Commit: 020db63e713877c9f4c6ba37578808d29e0d3490
Source: Source
Backup: Backup
Archives: Archives
Session: backup_20260921_022715
======================================

📊 AUDIT PRE-BACKUP
-------------------
📁 Contenu de Source:
-rw-r--r-- 1 runner runner 16 Sep 21 02:27 Source/fichier.txt
-rw-r--r-- 1 runner runner 22 Sep 21 02:27 Source/test-ultime.txt
-rw-r--r-- 1 runner runner 10 Sep 21 02:27 Source/big-test.txt
-rw-r--r-- 1 runner runner 5 Sep 21 02:27 Source/test.txt
-rw-r--r-- 1 runner runner 30 Sep 21 02:27 Source/Test-ultra-ultime.txt
✅ Total fichiers sources: 5

📦 ARCHIVAGE BACKUP EXISTANT
----------------------------
✅ Archive créée: backup_20260921_022715_previous.tar.gz
📋 Contenu archivé:
Backup/
Backup/fichier.txt
Backup/test-ultime.txt
Backup/big-test.txt
Backup/test.txt
Backup/Test-ultra-ultime.txt
[...]
📊 Fichiers archivés: 5

🔄 SYNCHRONISATION
------------------
✅ Synchronisation terminée
📁 Contenu de Backup:
-rw-r--r-- 1 runner runner 16 Sep 21 02:27 Backup/fichier.txt
-rw-r--r-- 1 runner runner 22 Sep 21 02:27 Backup/test-ultime.txt
-rw-r--r-- 1 runner runner 10 Sep 21 02:27 Backup/big-test.txt
-rw-r--r-- 1 runner runner 5 Sep 21 02:27 Backup/test.txt
-rw-r--r-- 1 runner runner 30 Sep 21 02:27 Backup/Test-ultra-ultime.txt
📊 Fichiers dans Backup: 5

📈 RAPPORT DE SESSION
=====================
🕐 Début: Sun Aug 23 12:02:01 UTC 1970
⏱️ Fin: Mon Sep 21 02:27:15 UTC 2026
📁 Fichiers sources: 5
📁 Fichiers backup: 5
📦 Fichiers archivés: 5
📊 Taux de réussite: 83%
🎯 Statut: SUCCÈS
🔚 FIN SESSION - 20260921_022715

🧹 GESTION DU STOCKAGE
---------------------
📦 Archives avant nettoyage: 16
📝 Logs avant nettoyage: 16
🗑️ Nettoyage des anciennes archives...
  Supprimé: backup_20260906_022327_previous.tar.gz
🗑️ Nettoyage des anciens logs...
  Supprimé: backup_20260906_022327.log
✅ Nettoyage terminé
📦 Archives restantes: 15
📝 Logs restants: 15

💾 COMMIT AUTOMATIQUE
---------------------
