🟢 DEBUT SESSION BACKUP - 20260907_022510
======================================
Déclencheur: schedule
Branche: refs/heads/main
Commit: 8540025709b952a55f1774a4347fe5fcde6cd171
Source: Source
Backup: Backup
Archives: Archives
Session: backup_20260907_022510
======================================

📊 AUDIT PRE-BACKUP
-------------------
📁 Contenu de Source:
-rw-r--r-- 1 runner runner 16 Sep  7 02:25 Source/fichier.txt
-rw-r--r-- 1 runner runner 22 Sep  7 02:25 Source/test-ultime.txt
-rw-r--r-- 1 runner runner 10 Sep  7 02:25 Source/big-test.txt
-rw-r--r-- 1 runner runner 5 Sep  7 02:25 Source/test.txt
-rw-r--r-- 1 runner runner 30 Sep  7 02:25 Source/Test-ultra-ultime.txt
✅ Total fichiers sources: 5

📦 ARCHIVAGE BACKUP EXISTANT
----------------------------
✅ Archive créée: backup_20260907_022510_previous.tar.gz
📋 Contenu archivé:
Backup/
Backup/fichier.txt
Backup/test-ultime.txt
Backup/big-test.txt
Backup/test.txt
Backup/Test-ultra-ultime.txt
[...]
📊 Fichiers archivés: 5

🔄 SYNCHRONISATION
------------------
✅ Synchronisation terminée
📁 Contenu de Backup:
-rw-r--r-- 1 runner runner 16 Sep  7 02:25 Backup/fichier.txt
-rw-r--r-- 1 runner runner 22 Sep  7 02:25 Backup/test-ultime.txt
-rw-r--r-- 1 runner runner 10 Sep  7 02:25 Backup/big-test.txt
-rw-r--r-- 1 runner runner 5 Sep  7 02:25 Backup/test.txt
-rw-r--r-- 1 runner runner 30 Sep  7 02:25 Backup/Test-ultra-ultime.txt
📊 Fichiers dans Backup: 5

📈 RAPPORT DE SESSION
=====================
🕐 Début: Sun Aug 23 12:01:47 UTC 1970
⏱️ Fin: Mon Sep  7 02:25:10 UTC 2026
📁 Fichiers sources: 5
📁 Fichiers backup: 5
📦 Fichiers archivés: 5
📊 Taux de réussite: 83%
🎯 Statut: SUCCÈS
🔚 FIN SESSION - 20260907_022510

🧹 GESTION DU STOCKAGE
---------------------
📦 Archives avant nettoyage: 16
📝 Logs avant nettoyage: 16
🗑️ Nettoyage des anciennes archives...
  Supprimé: backup_20260823_023249_previous.tar.gz
🗑️ Nettoyage des anciens logs...
  Supprimé: backup_20260823_023249.log
✅ Nettoyage terminé
📦 Archives restantes: 15
📝 Logs restants: 15

💾 COMMIT AUTOMATIQUE
---------------------
