🟢 DEBUT SESSION BACKUP - 20260823_023249
======================================
Déclencheur: schedule
Branche: refs/heads/main
Commit: e75e257714bda15959dc8e3c71d9785a80027c05
Source: Source
Backup: Backup
Archives: Archives
Session: backup_20260823_023249
======================================

📊 AUDIT PRE-BACKUP
-------------------
📁 Contenu de Source:
-rw-r--r-- 1 runner runner 16 Aug 23 02:32 Source/fichier.txt
-rw-r--r-- 1 runner runner 30 Aug 23 02:32 Source/Test-ultra-ultime.txt
-rw-r--r-- 1 runner runner 5 Aug 23 02:32 Source/test.txt
-rw-r--r-- 1 runner runner 10 Aug 23 02:32 Source/big-test.txt
-rw-r--r-- 1 runner runner 22 Aug 23 02:32 Source/test-ultime.txt
✅ Total fichiers sources: 5

📦 ARCHIVAGE BACKUP EXISTANT
----------------------------
✅ Archive créée: backup_20260823_023249_previous.tar.gz
📋 Contenu archivé:
Backup/
Backup/fichier.txt
Backup/Test-ultra-ultime.txt
Backup/test.txt
Backup/big-test.txt
Backup/test-ultime.txt
[...]
📊 Fichiers archivés: 5

🔄 SYNCHRONISATION
------------------
✅ Synchronisation terminée
📁 Contenu de Backup:
-rw-r--r-- 1 runner runner 16 Aug 23 02:32 Backup/fichier.txt
-rw-r--r-- 1 runner runner 30 Aug 23 02:32 Backup/Test-ultra-ultime.txt
-rw-r--r-- 1 runner runner 5 Aug 23 02:32 Backup/test.txt
-rw-r--r-- 1 runner runner 10 Aug 23 02:32 Backup/big-test.txt
-rw-r--r-- 1 runner runner 22 Aug 23 02:32 Backup/test-ultime.txt
📊 Fichiers dans Backup: 5

📈 RAPPORT DE SESSION
=====================
🕐 Début: Sun Aug 23 12:00:23 UTC 1970
⏱️ Fin: Sun Aug 23 02:32:49 UTC 2026
📁 Fichiers sources: 5
📁 Fichiers backup: 5
📦 Fichiers archivés: 5
📊 Taux de réussite: 83%
🎯 Statut: SUCCÈS
🔚 FIN SESSION - 20260823_023249

🧹 GESTION DU STOCKAGE
---------------------
📦 Archives avant nettoyage: 16
📝 Logs avant nettoyage: 16
🗑️ Nettoyage des anciennes archives...
  Supprimé: backup_20260808_024230_previous.tar.gz
🗑️ Nettoyage des anciens logs...
  Supprimé: backup_20260808_024230.log
✅ Nettoyage terminé
📦 Archives restantes: 15
📝 Logs restants: 15

💾 COMMIT AUTOMATIQUE
---------------------
