🟢 DEBUT SESSION BACKUP - 20260911_022415
======================================
Déclencheur: schedule
Branche: refs/heads/main
Commit: 553abfb6d7ca16c308faa64c82621ba29f05bf28
Source: Source
Backup: Backup
Archives: Archives
Session: backup_20260911_022415
======================================

📊 AUDIT PRE-BACKUP
-------------------
📁 Contenu de Source:
-rw-r--r-- 1 runner runner 16 Sep 11 02:24 Source/fichier.txt
-rw-r--r-- 1 runner runner 22 Sep 11 02:24 Source/test-ultime.txt
-rw-r--r-- 1 runner runner 10 Sep 11 02:24 Source/big-test.txt
-rw-r--r-- 1 runner runner 5 Sep 11 02:24 Source/test.txt
-rw-r--r-- 1 runner runner 30 Sep 11 02:24 Source/Test-ultra-ultime.txt
✅ Total fichiers sources: 5

📦 ARCHIVAGE BACKUP EXISTANT
----------------------------
✅ Archive créée: backup_20260911_022415_previous.tar.gz
📋 Contenu archivé:
Backup/
Backup/fichier.txt
Backup/test-ultime.txt
Backup/big-test.txt
Backup/test.txt
Backup/Test-ultra-ultime.txt
[...]
📊 Fichiers archivés: 5

🔄 SYNCHRONISATION
------------------
✅ Synchronisation terminée
📁 Contenu de Backup:
-rw-r--r-- 1 runner runner 16 Sep 11 02:24 Backup/fichier.txt
-rw-r--r-- 1 runner runner 22 Sep 11 02:24 Backup/test-ultime.txt
-rw-r--r-- 1 runner runner 10 Sep 11 02:24 Backup/big-test.txt
-rw-r--r-- 1 runner runner 5 Sep 11 02:24 Backup/test.txt
-rw-r--r-- 1 runner runner 30 Sep 11 02:24 Backup/Test-ultra-ultime.txt
📊 Fichiers dans Backup: 5

📈 RAPPORT DE SESSION
=====================
🕐 Début: Sun Aug 23 12:01:51 UTC 1970
⏱️ Fin: Fri Sep 11 02:24:16 UTC 2026
📁 Fichiers sources: 5
📁 Fichiers backup: 5
📦 Fichiers archivés: 5
📊 Taux de réussite: 83%
🎯 Statut: SUCCÈS
🔚 FIN SESSION - 20260911_022416

🧹 GESTION DU STOCKAGE
---------------------
📦 Archives avant nettoyage: 16
📝 Logs avant nettoyage: 16
🗑️ Nettoyage des anciennes archives...
  Supprimé: backup_20260827_035347_previous.tar.gz
🗑️ Nettoyage des anciens logs...
  Supprimé: backup_20260827_035347.log
✅ Nettoyage terminé
📦 Archives restantes: 15
📝 Logs restants: 15

💾 COMMIT AUTOMATIQUE
---------------------
