🟢 DEBUT SESSION BACKUP - 20260824_023258
======================================
Déclencheur: schedule
Branche: refs/heads/main
Commit: 8d0f2e0d778f3bc8e73268df322abdef8cc59096
Source: Source
Backup: Backup
Archives: Archives
Session: backup_20260824_023258
======================================

📊 AUDIT PRE-BACKUP
-------------------
📁 Contenu de Source:
-rw-r--r-- 1 runner runner 16 Aug 24 02:32 Source/fichier.txt
-rw-r--r-- 1 runner runner 30 Aug 24 02:32 Source/Test-ultra-ultime.txt
-rw-r--r-- 1 runner runner 5 Aug 24 02:32 Source/test.txt
-rw-r--r-- 1 runner runner 10 Aug 24 02:32 Source/big-test.txt
-rw-r--r-- 1 runner runner 22 Aug 24 02:32 Source/test-ultime.txt
✅ Total fichiers sources: 5

📦 ARCHIVAGE BACKUP EXISTANT
----------------------------
✅ Archive créée: backup_20260824_023258_previous.tar.gz
📋 Contenu archivé:
Backup/
Backup/fichier.txt
Backup/Test-ultra-ultime.txt
Backup/test.txt
Backup/big-test.txt
Backup/test-ultime.txt
[...]
📊 Fichiers archivés: 5

🔄 SYNCHRONISATION
------------------
✅ Synchronisation terminée
📁 Contenu de Backup:
-rw-r--r-- 1 runner runner 16 Aug 24 02:32 Backup/fichier.txt
-rw-r--r-- 1 runner runner 30 Aug 24 02:32 Backup/Test-ultra-ultime.txt
-rw-r--r-- 1 runner runner 5 Aug 24 02:32 Backup/test.txt
-rw-r--r-- 1 runner runner 10 Aug 24 02:32 Backup/big-test.txt
-rw-r--r-- 1 runner runner 22 Aug 24 02:32 Backup/test-ultime.txt
📊 Fichiers dans Backup: 5

📈 RAPPORT DE SESSION
=====================
🕐 Début: Sun Aug 23 12:00:24 UTC 1970
⏱️ Fin: Mon Aug 24 02:32:58 UTC 2026
📁 Fichiers sources: 5
📁 Fichiers backup: 5
📦 Fichiers archivés: 5
📊 Taux de réussite: 83%
🎯 Statut: SUCCÈS
🔚 FIN SESSION - 20260824_023258

🧹 GESTION DU STOCKAGE
---------------------
📦 Archives avant nettoyage: 16
📝 Logs avant nettoyage: 16
🗑️ Nettoyage des anciennes archives...
  Supprimé: backup_20260809_024644_previous.tar.gz
🗑️ Nettoyage des anciens logs...
  Supprimé: backup_20260809_024644.log
✅ Nettoyage terminé
📦 Archives restantes: 15
📝 Logs restants: 15

💾 COMMIT AUTOMATIQUE
---------------------
