🟢 DEBUT SESSION BACKUP - 20260810_025117
======================================
Déclencheur: schedule
Branche: refs/heads/main
Commit: 6f67104e8df729f6f5106320e21676ff293bd974
Source: Source
Backup: Backup
Archives: Archives
Session: backup_20260810_025117
======================================

📊 AUDIT PRE-BACKUP
-------------------
📁 Contenu de Source:
-rw-r--r-- 1 runner runner 30 Aug 10 02:51 Source/Test-ultra-ultime.txt
-rw-r--r-- 1 runner runner 16 Aug 10 02:51 Source/fichier.txt
-rw-r--r-- 1 runner runner 22 Aug 10 02:51 Source/test-ultime.txt
-rw-r--r-- 1 runner runner 5 Aug 10 02:51 Source/test.txt
-rw-r--r-- 1 runner runner 10 Aug 10 02:51 Source/big-test.txt
✅ Total fichiers sources: 5

📦 ARCHIVAGE BACKUP EXISTANT
----------------------------
✅ Archive créée: backup_20260810_025117_previous.tar.gz
📋 Contenu archivé:
Backup/
Backup/Test-ultra-ultime.txt
Backup/fichier.txt
Backup/test-ultime.txt
Backup/test.txt
Backup/big-test.txt
[...]
📊 Fichiers archivés: 5

🔄 SYNCHRONISATION
------------------
✅ Synchronisation terminée
📁 Contenu de Backup:
-rw-r--r-- 1 runner runner 30 Aug 10 02:51 Backup/Test-ultra-ultime.txt
-rw-r--r-- 1 runner runner 16 Aug 10 02:51 Backup/fichier.txt
-rw-r--r-- 1 runner runner 22 Aug 10 02:51 Backup/test-ultime.txt
-rw-r--r-- 1 runner runner 5 Aug 10 02:51 Backup/test.txt
-rw-r--r-- 1 runner runner 10 Aug 10 02:51 Backup/big-test.txt
📊 Fichiers dans Backup: 5

📈 RAPPORT DE SESSION
=====================
🕐 Début: Sun Aug 23 12:00:10 UTC 1970
⏱️ Fin: Mon Aug 10 02:51:17 UTC 2026
📁 Fichiers sources: 5
📁 Fichiers backup: 5
📦 Fichiers archivés: 5
📊 Taux de réussite: 83%
🎯 Statut: SUCCÈS
🔚 FIN SESSION - 20260810_025117

🧹 GESTION DU STOCKAGE
---------------------
📦 Archives avant nettoyage: 16
📝 Logs avant nettoyage: 16
🗑️ Nettoyage des anciennes archives...
  Supprimé: backup_20260726_031011_previous.tar.gz
🗑️ Nettoyage des anciens logs...
  Supprimé: backup_20260726_031011.log
✅ Nettoyage terminé
📦 Archives restantes: 15
📝 Logs restants: 15

💾 COMMIT AUTOMATIQUE
---------------------
