🟢 DEBUT SESSION BACKUP - 20260902_023851
======================================
Déclencheur: schedule
Branche: refs/heads/main
Commit: c1959713ca7cb6ba4a51830d203685d8a757b1d7
Source: Source
Backup: Backup
Archives: Archives
Session: backup_20260902_023851
======================================

📊 AUDIT PRE-BACKUP
-------------------
📁 Contenu de Source:
-rw-r--r-- 1 runner runner 16 Sep  2 02:38 Source/fichier.txt
-rw-r--r-- 1 runner runner 30 Sep  2 02:38 Source/Test-ultra-ultime.txt
-rw-r--r-- 1 runner runner 5 Sep  2 02:38 Source/test.txt
-rw-r--r-- 1 runner runner 10 Sep  2 02:38 Source/big-test.txt
-rw-r--r-- 1 runner runner 22 Sep  2 02:38 Source/test-ultime.txt
✅ Total fichiers sources: 5

📦 ARCHIVAGE BACKUP EXISTANT
----------------------------
✅ Archive créée: backup_20260902_023851_previous.tar.gz
📋 Contenu archivé:
Backup/
Backup/fichier.txt
Backup/Test-ultra-ultime.txt
Backup/test.txt
Backup/big-test.txt
Backup/test-ultime.txt
[...]
📊 Fichiers archivés: 5

🔄 SYNCHRONISATION
------------------
✅ Synchronisation terminée
📁 Contenu de Backup:
-rw-r--r-- 1 runner runner 16 Sep  2 02:38 Backup/fichier.txt
-rw-r--r-- 1 runner runner 30 Sep  2 02:38 Backup/Test-ultra-ultime.txt
-rw-r--r-- 1 runner runner 5 Sep  2 02:38 Backup/test.txt
-rw-r--r-- 1 runner runner 10 Sep  2 02:38 Backup/big-test.txt
-rw-r--r-- 1 runner runner 22 Sep  2 02:38 Backup/test-ultime.txt
📊 Fichiers dans Backup: 5

📈 RAPPORT DE SESSION
=====================
🕐 Début: Sun Aug 23 12:01:42 UTC 1970
⏱️ Fin: Wed Sep  2 02:38:51 UTC 2026
📁 Fichiers sources: 5
📁 Fichiers backup: 5
📦 Fichiers archivés: 5
📊 Taux de réussite: 83%
🎯 Statut: SUCCÈS
🔚 FIN SESSION - 20260902_023851

🧹 GESTION DU STOCKAGE
---------------------
📦 Archives avant nettoyage: 16
📝 Logs avant nettoyage: 16
🗑️ Nettoyage des anciennes archives...
  Supprimé: backup_20260818_022748_previous.tar.gz
🗑️ Nettoyage des anciens logs...
  Supprimé: backup_20260818_022748.log
✅ Nettoyage terminé
📦 Archives restantes: 15
📝 Logs restants: 15

💾 COMMIT AUTOMATIQUE
---------------------
