🟢 DEBUT SESSION BACKUP - 20261005_023514
======================================
Déclencheur: schedule
Branche: refs/heads/main
Commit: 9c99234928d2afbeed543d7a698b93084abbef98
Source: Source
Backup: Backup
Archives: Archives
Session: backup_20261005_023514
======================================

📊 AUDIT PRE-BACKUP
-------------------
📁 Contenu de Source:
-rw-r--r-- 1 runner runner 10 Oct  5 02:35 Source/big-test.txt
-rw-r--r-- 1 runner runner 5 Oct  5 02:35 Source/test.txt
-rw-r--r-- 1 runner runner 30 Oct  5 02:35 Source/Test-ultra-ultime.txt
-rw-r--r-- 1 runner runner 16 Oct  5 02:35 Source/fichier.txt
-rw-r--r-- 1 runner runner 22 Oct  5 02:35 Source/test-ultime.txt
✅ Total fichiers sources: 5

📦 ARCHIVAGE BACKUP EXISTANT
----------------------------
✅ Archive créée: backup_20261005_023514_previous.tar.gz
📋 Contenu archivé:
Backup/
Backup/big-test.txt
Backup/test.txt
Backup/Test-ultra-ultime.txt
Backup/fichier.txt
Backup/test-ultime.txt
[...]
📊 Fichiers archivés: 5

🔄 SYNCHRONISATION
------------------
✅ Synchronisation terminée
📁 Contenu de Backup:
-rw-r--r-- 1 runner runner 10 Oct  5 02:35 Backup/big-test.txt
-rw-r--r-- 1 runner runner 5 Oct  5 02:35 Backup/test.txt
-rw-r--r-- 1 runner runner 30 Oct  5 02:35 Backup/Test-ultra-ultime.txt
-rw-r--r-- 1 runner runner 16 Oct  5 02:35 Backup/fichier.txt
-rw-r--r-- 1 runner runner 22 Oct  5 02:35 Backup/test-ultime.txt
📊 Fichiers dans Backup: 5

📈 RAPPORT DE SESSION
=====================
🕐 Début: Sun Aug 23 12:03:25 UTC 1970
⏱️ Fin: Mon Oct  5 02:35:15 UTC 2026
📁 Fichiers sources: 5
📁 Fichiers backup: 5
📦 Fichiers archivés: 5
📊 Taux de réussite: 83%
🎯 Statut: SUCCÈS
🔚 FIN SESSION - 20261005_023515

🧹 GESTION DU STOCKAGE
---------------------
📦 Archives avant nettoyage: 16
📝 Logs avant nettoyage: 16
🗑️ Nettoyage des anciennes archives...
  Supprimé: backup_20260920_022357_previous.tar.gz
🗑️ Nettoyage des anciens logs...
  Supprimé: backup_20260920_022357.log
✅ Nettoyage terminé
📦 Archives restantes: 15
📝 Logs restants: 15

💾 COMMIT AUTOMATIQUE
---------------------
