🟢 DEBUT SESSION BACKUP - 20261006_022716
======================================
Déclencheur: schedule
Branche: refs/heads/main
Commit: 94bdeaae262dfde40915bffe941d4bd489dd922e
Source: Source
Backup: Backup
Archives: Archives
Session: backup_20261006_022716
======================================

📊 AUDIT PRE-BACKUP
-------------------
📁 Contenu de Source:
-rw-r--r-- 1 runner runner 10 Oct  6 02:27 Source/big-test.txt
-rw-r--r-- 1 runner runner 5 Oct  6 02:27 Source/test.txt
-rw-r--r-- 1 runner runner 30 Oct  6 02:27 Source/Test-ultra-ultime.txt
-rw-r--r-- 1 runner runner 16 Oct  6 02:27 Source/fichier.txt
-rw-r--r-- 1 runner runner 22 Oct  6 02:27 Source/test-ultime.txt
✅ Total fichiers sources: 5

📦 ARCHIVAGE BACKUP EXISTANT
----------------------------
✅ Archive créée: backup_20261006_022716_previous.tar.gz
📋 Contenu archivé:
Backup/
Backup/big-test.txt
Backup/test.txt
Backup/Test-ultra-ultime.txt
Backup/fichier.txt
Backup/test-ultime.txt
[...]
📊 Fichiers archivés: 5

🔄 SYNCHRONISATION
------------------
✅ Synchronisation terminée
📁 Contenu de Backup:
-rw-r--r-- 1 runner runner 10 Oct  6 02:27 Backup/big-test.txt
-rw-r--r-- 1 runner runner 5 Oct  6 02:27 Backup/test.txt
-rw-r--r-- 1 runner runner 30 Oct  6 02:27 Backup/Test-ultra-ultime.txt
-rw-r--r-- 1 runner runner 16 Oct  6 02:27 Backup/fichier.txt
-rw-r--r-- 1 runner runner 22 Oct  6 02:27 Backup/test-ultime.txt
📊 Fichiers dans Backup: 5

📈 RAPPORT DE SESSION
=====================
🕐 Début: Sun Aug 23 12:03:26 UTC 1970
⏱️ Fin: Tue Oct  6 02:27:16 UTC 2026
📁 Fichiers sources: 5
📁 Fichiers backup: 5
📦 Fichiers archivés: 5
📊 Taux de réussite: 83%
🎯 Statut: SUCCÈS
🔚 FIN SESSION - 20261006_022716

🧹 GESTION DU STOCKAGE
---------------------
📦 Archives avant nettoyage: 16
📝 Logs avant nettoyage: 16
🗑️ Nettoyage des anciennes archives...
  Supprimé: backup_20260921_022715_previous.tar.gz
🗑️ Nettoyage des anciens logs...
  Supprimé: backup_20260921_022715.log
✅ Nettoyage terminé
📦 Archives restantes: 15
📝 Logs restants: 15

💾 COMMIT AUTOMATIQUE
---------------------
