🟢 DEBUT SESSION BACKUP - 20260901_022446
======================================
Déclencheur: schedule
Branche: refs/heads/main
Commit: 3a3dc8e55be64df768779f2c3ea5feb2025727bd
Source: Source
Backup: Backup
Archives: Archives
Session: backup_20260901_022446
======================================

📊 AUDIT PRE-BACKUP
-------------------
📁 Contenu de Source:
-rw-r--r-- 1 runner runner 16 Sep  1 02:24 Source/fichier.txt
-rw-r--r-- 1 runner runner 30 Sep  1 02:24 Source/Test-ultra-ultime.txt
-rw-r--r-- 1 runner runner 5 Sep  1 02:24 Source/test.txt
-rw-r--r-- 1 runner runner 10 Sep  1 02:24 Source/big-test.txt
-rw-r--r-- 1 runner runner 22 Sep  1 02:24 Source/test-ultime.txt
✅ Total fichiers sources: 5

📦 ARCHIVAGE BACKUP EXISTANT
----------------------------
✅ Archive créée: backup_20260901_022446_previous.tar.gz
📋 Contenu archivé:
Backup/
Backup/fichier.txt
Backup/Test-ultra-ultime.txt
Backup/test.txt
Backup/big-test.txt
Backup/test-ultime.txt
[...]
📊 Fichiers archivés: 5

🔄 SYNCHRONISATION
------------------
✅ Synchronisation terminée
📁 Contenu de Backup:
-rw-r--r-- 1 runner runner 16 Sep  1 02:24 Backup/fichier.txt
-rw-r--r-- 1 runner runner 30 Sep  1 02:24 Backup/Test-ultra-ultime.txt
-rw-r--r-- 1 runner runner 5 Sep  1 02:24 Backup/test.txt
-rw-r--r-- 1 runner runner 10 Sep  1 02:24 Backup/big-test.txt
-rw-r--r-- 1 runner runner 22 Sep  1 02:24 Backup/test-ultime.txt
📊 Fichiers dans Backup: 5

📈 RAPPORT DE SESSION
=====================
🕐 Début: Sun Aug 23 12:01:41 UTC 1970
⏱️ Fin: Tue Sep  1 02:24:46 UTC 2026
📁 Fichiers sources: 5
📁 Fichiers backup: 5
📦 Fichiers archivés: 5
📊 Taux de réussite: 83%
🎯 Statut: SUCCÈS
🔚 FIN SESSION - 20260901_022446

🧹 GESTION DU STOCKAGE
---------------------
📦 Archives avant nettoyage: 16
📝 Logs avant nettoyage: 16
🗑️ Nettoyage des anciennes archives...
  Supprimé: backup_20260817_023053_previous.tar.gz
🗑️ Nettoyage des anciens logs...
  Supprimé: backup_20260817_023053.log
✅ Nettoyage terminé
📦 Archives restantes: 15
📝 Logs restants: 15

💾 COMMIT AUTOMATIQUE
---------------------
