🟢 DEBUT SESSION BACKUP - 20260818_022748
======================================
Déclencheur: schedule
Branche: refs/heads/main
Commit: 4e38e52372e71e65b729df383028f60fe7a67c23
Source: Source
Backup: Backup
Archives: Archives
Session: backup_20260818_022748
======================================

📊 AUDIT PRE-BACKUP
-------------------
📁 Contenu de Source:
-rw-r--r-- 1 runner runner 16 Aug 18 02:27 Source/fichier.txt
-rw-r--r-- 1 runner runner 30 Aug 18 02:27 Source/Test-ultra-ultime.txt
-rw-r--r-- 1 runner runner 5 Aug 18 02:27 Source/test.txt
-rw-r--r-- 1 runner runner 10 Aug 18 02:27 Source/big-test.txt
-rw-r--r-- 1 runner runner 22 Aug 18 02:27 Source/test-ultime.txt
✅ Total fichiers sources: 5

📦 ARCHIVAGE BACKUP EXISTANT
----------------------------
✅ Archive créée: backup_20260818_022748_previous.tar.gz
📋 Contenu archivé:
Backup/
Backup/fichier.txt
Backup/Test-ultra-ultime.txt
Backup/test.txt
Backup/big-test.txt
Backup/test-ultime.txt
[...]
📊 Fichiers archivés: 5

🔄 SYNCHRONISATION
------------------
✅ Synchronisation terminée
📁 Contenu de Backup:
-rw-r--r-- 1 runner runner 16 Aug 18 02:27 Backup/fichier.txt
-rw-r--r-- 1 runner runner 30 Aug 18 02:27 Backup/Test-ultra-ultime.txt
-rw-r--r-- 1 runner runner 5 Aug 18 02:27 Backup/test.txt
-rw-r--r-- 1 runner runner 10 Aug 18 02:27 Backup/big-test.txt
-rw-r--r-- 1 runner runner 22 Aug 18 02:27 Backup/test-ultime.txt
📊 Fichiers dans Backup: 5

📈 RAPPORT DE SESSION
=====================
🕐 Début: Sun Aug 23 12:00:18 UTC 1970
⏱️ Fin: Tue Aug 18 02:27:48 UTC 2026
📁 Fichiers sources: 5
📁 Fichiers backup: 5
📦 Fichiers archivés: 5
📊 Taux de réussite: 83%
🎯 Statut: SUCCÈS
🔚 FIN SESSION - 20260818_022748

🧹 GESTION DU STOCKAGE
---------------------
📦 Archives avant nettoyage: 16
📝 Logs avant nettoyage: 16
🗑️ Nettoyage des anciennes archives...
  Supprimé: backup_20260803_031046_previous.tar.gz
🗑️ Nettoyage des anciens logs...
  Supprimé: backup_20260803_031046.log
✅ Nettoyage terminé
📦 Archives restantes: 15
📝 Logs restants: 15

💾 COMMIT AUTOMATIQUE
---------------------
