🟢 DEBUT SESSION BACKUP - 20260820_022824
======================================
Déclencheur: schedule
Branche: refs/heads/main
Commit: de22e48285962673ec963e711160e11df45ba49a
Source: Source
Backup: Backup
Archives: Archives
Session: backup_20260820_022824
======================================

📊 AUDIT PRE-BACKUP
-------------------
📁 Contenu de Source:
-rw-r--r-- 1 runner runner 16 Aug 20 02:28 Source/fichier.txt
-rw-r--r-- 1 runner runner 30 Aug 20 02:28 Source/Test-ultra-ultime.txt
-rw-r--r-- 1 runner runner 5 Aug 20 02:28 Source/test.txt
-rw-r--r-- 1 runner runner 10 Aug 20 02:28 Source/big-test.txt
-rw-r--r-- 1 runner runner 22 Aug 20 02:28 Source/test-ultime.txt
✅ Total fichiers sources: 5

📦 ARCHIVAGE BACKUP EXISTANT
----------------------------
✅ Archive créée: backup_20260820_022824_previous.tar.gz
📋 Contenu archivé:
Backup/
Backup/fichier.txt
Backup/Test-ultra-ultime.txt
Backup/test.txt
Backup/big-test.txt
Backup/test-ultime.txt
[...]
📊 Fichiers archivés: 5

🔄 SYNCHRONISATION
------------------
✅ Synchronisation terminée
📁 Contenu de Backup:
-rw-r--r-- 1 runner runner 16 Aug 20 02:28 Backup/fichier.txt
-rw-r--r-- 1 runner runner 30 Aug 20 02:28 Backup/Test-ultra-ultime.txt
-rw-r--r-- 1 runner runner 5 Aug 20 02:28 Backup/test.txt
-rw-r--r-- 1 runner runner 10 Aug 20 02:28 Backup/big-test.txt
-rw-r--r-- 1 runner runner 22 Aug 20 02:28 Backup/test-ultime.txt
📊 Fichiers dans Backup: 5

📈 RAPPORT DE SESSION
=====================
🕐 Début: Sun Aug 23 12:00:20 UTC 1970
⏱️ Fin: Thu Aug 20 02:28:24 UTC 2026
📁 Fichiers sources: 5
📁 Fichiers backup: 5
📦 Fichiers archivés: 5
📊 Taux de réussite: 83%
🎯 Statut: SUCCÈS
🔚 FIN SESSION - 20260820_022824

🧹 GESTION DU STOCKAGE
---------------------
📦 Archives avant nettoyage: 16
📝 Logs avant nettoyage: 16
🗑️ Nettoyage des anciennes archives...
  Supprimé: backup_20260805_030903_previous.tar.gz
🗑️ Nettoyage des anciens logs...
  Supprimé: backup_20260805_030903.log
✅ Nettoyage terminé
📦 Archives restantes: 15
📝 Logs restants: 15

💾 COMMIT AUTOMATIQUE
---------------------
