🟢 DEBUT SESSION BACKUP - 20260821_023244
======================================
Déclencheur: schedule
Branche: refs/heads/main
Commit: 3834d2a907189102149f78d7f51058c3dffba1f6
Source: Source
Backup: Backup
Archives: Archives
Session: backup_20260821_023244
======================================

📊 AUDIT PRE-BACKUP
-------------------
📁 Contenu de Source:
-rw-r--r-- 1 runner runner 16 Aug 21 02:32 Source/fichier.txt
-rw-r--r-- 1 runner runner 30 Aug 21 02:32 Source/Test-ultra-ultime.txt
-rw-r--r-- 1 runner runner 5 Aug 21 02:32 Source/test.txt
-rw-r--r-- 1 runner runner 10 Aug 21 02:32 Source/big-test.txt
-rw-r--r-- 1 runner runner 22 Aug 21 02:32 Source/test-ultime.txt
✅ Total fichiers sources: 5

📦 ARCHIVAGE BACKUP EXISTANT
----------------------------
✅ Archive créée: backup_20260821_023244_previous.tar.gz
📋 Contenu archivé:
Backup/
Backup/fichier.txt
Backup/Test-ultra-ultime.txt
Backup/test.txt
Backup/big-test.txt
Backup/test-ultime.txt
[...]
📊 Fichiers archivés: 5

🔄 SYNCHRONISATION
------------------
✅ Synchronisation terminée
📁 Contenu de Backup:
-rw-r--r-- 1 runner runner 16 Aug 21 02:32 Backup/fichier.txt
-rw-r--r-- 1 runner runner 30 Aug 21 02:32 Backup/Test-ultra-ultime.txt
-rw-r--r-- 1 runner runner 5 Aug 21 02:32 Backup/test.txt
-rw-r--r-- 1 runner runner 10 Aug 21 02:32 Backup/big-test.txt
-rw-r--r-- 1 runner runner 22 Aug 21 02:32 Backup/test-ultime.txt
📊 Fichiers dans Backup: 5

📈 RAPPORT DE SESSION
=====================
🕐 Début: Sun Aug 23 12:00:21 UTC 1970
⏱️ Fin: Fri Aug 21 02:32:45 UTC 2026
📁 Fichiers sources: 5
📁 Fichiers backup: 5
📦 Fichiers archivés: 5
📊 Taux de réussite: 83%
🎯 Statut: SUCCÈS
🔚 FIN SESSION - 20260821_023245

🧹 GESTION DU STOCKAGE
---------------------
📦 Archives avant nettoyage: 16
📝 Logs avant nettoyage: 16
🗑️ Nettoyage des anciennes archives...
  Supprimé: backup_20260806_030830_previous.tar.gz
🗑️ Nettoyage des anciens logs...
  Supprimé: backup_20260806_030830.log
✅ Nettoyage terminé
📦 Archives restantes: 15
📝 Logs restants: 15

💾 COMMIT AUTOMATIQUE
---------------------
