🟢 DEBUT SESSION BACKUP - 20260916_022326
======================================
Déclencheur: schedule
Branche: refs/heads/main
Commit: a431379eb2d026acf75ead889e1b145ec2637f0b
Source: Source
Backup: Backup
Archives: Archives
Session: backup_20260916_022326
======================================

📊 AUDIT PRE-BACKUP
-------------------
📁 Contenu de Source:
-rw-r--r-- 1 runner runner 16 Sep 16 02:23 Source/fichier.txt
-rw-r--r-- 1 runner runner 22 Sep 16 02:23 Source/test-ultime.txt
-rw-r--r-- 1 runner runner 10 Sep 16 02:23 Source/big-test.txt
-rw-r--r-- 1 runner runner 5 Sep 16 02:23 Source/test.txt
-rw-r--r-- 1 runner runner 30 Sep 16 02:23 Source/Test-ultra-ultime.txt
✅ Total fichiers sources: 5

📦 ARCHIVAGE BACKUP EXISTANT
----------------------------
✅ Archive créée: backup_20260916_022326_previous.tar.gz
📋 Contenu archivé:
Backup/
Backup/fichier.txt
Backup/test-ultime.txt
Backup/big-test.txt
Backup/test.txt
Backup/Test-ultra-ultime.txt
[...]
📊 Fichiers archivés: 5

🔄 SYNCHRONISATION
------------------
✅ Synchronisation terminée
📁 Contenu de Backup:
-rw-r--r-- 1 runner runner 16 Sep 16 02:23 Backup/fichier.txt
-rw-r--r-- 1 runner runner 22 Sep 16 02:23 Backup/test-ultime.txt
-rw-r--r-- 1 runner runner 10 Sep 16 02:23 Backup/big-test.txt
-rw-r--r-- 1 runner runner 5 Sep 16 02:23 Backup/test.txt
-rw-r--r-- 1 runner runner 30 Sep 16 02:23 Backup/Test-ultra-ultime.txt
📊 Fichiers dans Backup: 5

📈 RAPPORT DE SESSION
=====================
🕐 Début: Sun Aug 23 12:01:56 UTC 1970
⏱️ Fin: Wed Sep 16 02:23:26 UTC 2026
📁 Fichiers sources: 5
📁 Fichiers backup: 5
📦 Fichiers archivés: 5
📊 Taux de réussite: 83%
🎯 Statut: SUCCÈS
🔚 FIN SESSION - 20260916_022326

🧹 GESTION DU STOCKAGE
---------------------
📦 Archives avant nettoyage: 16
📝 Logs avant nettoyage: 16
🗑️ Nettoyage des anciennes archives...
  Supprimé: backup_20260901_022446_previous.tar.gz
🗑️ Nettoyage des anciens logs...
  Supprimé: backup_20260901_022446.log
✅ Nettoyage terminé
📦 Archives restantes: 15
📝 Logs restants: 15

💾 COMMIT AUTOMATIQUE
---------------------
