🟢 DEBUT SESSION BACKUP - 20261004_030229
======================================
Déclencheur: schedule
Branche: refs/heads/main
Commit: 8ccc1f2a8e58d51dc7935a4e8f8e23ef40685a00
Source: Source
Backup: Backup
Archives: Archives
Session: backup_20261004_030229
======================================

📊 AUDIT PRE-BACKUP
-------------------
📁 Contenu de Source:
-rw-r--r-- 1 runner runner 10 Oct  4 03:02 Source/big-test.txt
-rw-r--r-- 1 runner runner 5 Oct  4 03:02 Source/test.txt
-rw-r--r-- 1 runner runner 30 Oct  4 03:02 Source/Test-ultra-ultime.txt
-rw-r--r-- 1 runner runner 16 Oct  4 03:02 Source/fichier.txt
-rw-r--r-- 1 runner runner 22 Oct  4 03:02 Source/test-ultime.txt
✅ Total fichiers sources: 5

📦 ARCHIVAGE BACKUP EXISTANT
----------------------------
✅ Archive créée: backup_20261004_030229_previous.tar.gz
📋 Contenu archivé:
Backup/
Backup/big-test.txt
Backup/test.txt
Backup/Test-ultra-ultime.txt
Backup/fichier.txt
Backup/test-ultime.txt
[...]
📊 Fichiers archivés: 5

🔄 SYNCHRONISATION
------------------
✅ Synchronisation terminée
📁 Contenu de Backup:
-rw-r--r-- 1 runner runner 10 Oct  4 03:02 Backup/big-test.txt
-rw-r--r-- 1 runner runner 5 Oct  4 03:02 Backup/test.txt
-rw-r--r-- 1 runner runner 30 Oct  4 03:02 Backup/Test-ultra-ultime.txt
-rw-r--r-- 1 runner runner 16 Oct  4 03:02 Backup/fichier.txt
-rw-r--r-- 1 runner runner 22 Oct  4 03:02 Backup/test-ultime.txt
📊 Fichiers dans Backup: 5

📈 RAPPORT DE SESSION
=====================
🕐 Début: Sun Aug 23 12:03:24 UTC 1970
⏱️ Fin: Sun Oct  4 03:02:29 UTC 2026
📁 Fichiers sources: 5
📁 Fichiers backup: 5
📦 Fichiers archivés: 5
📊 Taux de réussite: 83%
🎯 Statut: SUCCÈS
🔚 FIN SESSION - 20261004_030229

🧹 GESTION DU STOCKAGE
---------------------
📦 Archives avant nettoyage: 16
📝 Logs avant nettoyage: 16
🗑️ Nettoyage des anciennes archives...
  Supprimé: backup_20260919_022238_previous.tar.gz
🗑️ Nettoyage des anciens logs...
  Supprimé: backup_20260919_022238.log
✅ Nettoyage terminé
📦 Archives restantes: 15
📝 Logs restants: 15

💾 COMMIT AUTOMATIQUE
---------------------
