🟢 DEBUT SESSION BACKUP - 20261001_023349
======================================
Déclencheur: schedule
Branche: refs/heads/main
Commit: 1277fa6b364c50da07f6d3d3693836966153f504
Source: Source
Backup: Backup
Archives: Archives
Session: backup_20261001_023349
======================================

📊 AUDIT PRE-BACKUP
-------------------
📁 Contenu de Source:
-rw-r--r-- 1 runner runner 10 Oct  1 02:33 Source/big-test.txt
-rw-r--r-- 1 runner runner 5 Oct  1 02:33 Source/test.txt
-rw-r--r-- 1 runner runner 30 Oct  1 02:33 Source/Test-ultra-ultime.txt
-rw-r--r-- 1 runner runner 16 Oct  1 02:33 Source/fichier.txt
-rw-r--r-- 1 runner runner 22 Oct  1 02:33 Source/test-ultime.txt
✅ Total fichiers sources: 5

📦 ARCHIVAGE BACKUP EXISTANT
----------------------------
✅ Archive créée: backup_20261001_023349_previous.tar.gz
📋 Contenu archivé:
Backup/
Backup/big-test.txt
Backup/test.txt
Backup/Test-ultra-ultime.txt
Backup/fichier.txt
Backup/test-ultime.txt
[...]
📊 Fichiers archivés: 5

🔄 SYNCHRONISATION
------------------
✅ Synchronisation terminée
📁 Contenu de Backup:
-rw-r--r-- 1 runner runner 10 Oct  1 02:33 Backup/big-test.txt
-rw-r--r-- 1 runner runner 5 Oct  1 02:33 Backup/test.txt
-rw-r--r-- 1 runner runner 30 Oct  1 02:33 Backup/Test-ultra-ultime.txt
-rw-r--r-- 1 runner runner 16 Oct  1 02:33 Backup/fichier.txt
-rw-r--r-- 1 runner runner 22 Oct  1 02:33 Backup/test-ultime.txt
📊 Fichiers dans Backup: 5

📈 RAPPORT DE SESSION
=====================
🕐 Début: Sun Aug 23 12:03:21 UTC 1970
⏱️ Fin: Thu Oct  1 02:33:49 UTC 2026
📁 Fichiers sources: 5
📁 Fichiers backup: 5
📦 Fichiers archivés: 5
📊 Taux de réussite: 83%
🎯 Statut: SUCCÈS
🔚 FIN SESSION - 20261001_023349

🧹 GESTION DU STOCKAGE
---------------------
📦 Archives avant nettoyage: 16
📝 Logs avant nettoyage: 16
🗑️ Nettoyage des anciennes archives...
  Supprimé: backup_20260916_022326_previous.tar.gz
🗑️ Nettoyage des anciens logs...
  Supprimé: backup_20260916_022326.log
✅ Nettoyage terminé
📦 Archives restantes: 15
📝 Logs restants: 15

💾 COMMIT AUTOMATIQUE
---------------------
