🟢 DEBUT SESSION BACKUP - 20260920_022357
======================================
Déclencheur: schedule
Branche: refs/heads/main
Commit: 3bd33014342683b1453c94ff54eb48e18ad4e9f1
Source: Source
Backup: Backup
Archives: Archives
Session: backup_20260920_022357
======================================

📊 AUDIT PRE-BACKUP
-------------------
📁 Contenu de Source:
-rw-r--r-- 1 runner runner 16 Sep 20 02:23 Source/fichier.txt
-rw-r--r-- 1 runner runner 22 Sep 20 02:23 Source/test-ultime.txt
-rw-r--r-- 1 runner runner 10 Sep 20 02:23 Source/big-test.txt
-rw-r--r-- 1 runner runner 5 Sep 20 02:23 Source/test.txt
-rw-r--r-- 1 runner runner 30 Sep 20 02:23 Source/Test-ultra-ultime.txt
✅ Total fichiers sources: 5

📦 ARCHIVAGE BACKUP EXISTANT
----------------------------
✅ Archive créée: backup_20260920_022357_previous.tar.gz
📋 Contenu archivé:
Backup/
Backup/fichier.txt
Backup/test-ultime.txt
Backup/big-test.txt
Backup/test.txt
Backup/Test-ultra-ultime.txt
[...]
📊 Fichiers archivés: 5

🔄 SYNCHRONISATION
------------------
✅ Synchronisation terminée
📁 Contenu de Backup:
-rw-r--r-- 1 runner runner 16 Sep 20 02:23 Backup/fichier.txt
-rw-r--r-- 1 runner runner 22 Sep 20 02:23 Backup/test-ultime.txt
-rw-r--r-- 1 runner runner 10 Sep 20 02:23 Backup/big-test.txt
-rw-r--r-- 1 runner runner 5 Sep 20 02:23 Backup/test.txt
-rw-r--r-- 1 runner runner 30 Sep 20 02:23 Backup/Test-ultra-ultime.txt
📊 Fichiers dans Backup: 5

📈 RAPPORT DE SESSION
=====================
🕐 Début: Sun Aug 23 12:02:00 UTC 1970
⏱️ Fin: Sun Sep 20 02:23:57 UTC 2026
📁 Fichiers sources: 5
📁 Fichiers backup: 5
📦 Fichiers archivés: 5
📊 Taux de réussite: 83%
🎯 Statut: SUCCÈS
🔚 FIN SESSION - 20260920_022357

🧹 GESTION DU STOCKAGE
---------------------
📦 Archives avant nettoyage: 16
📝 Logs avant nettoyage: 16
🗑️ Nettoyage des anciennes archives...
  Supprimé: backup_20260905_022227_previous.tar.gz
🗑️ Nettoyage des anciens logs...
  Supprimé: backup_20260905_022227.log
✅ Nettoyage terminé
📦 Archives restantes: 15
📝 Logs restants: 15

💾 COMMIT AUTOMATIQUE
---------------------
