🟢 DEBUT SESSION BACKUP - 20260927_022712
======================================
Déclencheur: schedule
Branche: refs/heads/main
Commit: fdd80785b0e82ea4b1bd3a32c506ff451231b3b0
Source: Source
Backup: Backup
Archives: Archives
Session: backup_20260927_022712
======================================

📊 AUDIT PRE-BACKUP
-------------------
📁 Contenu de Source:
-rw-r--r-- 1 runner runner 10 Sep 27 02:27 Source/big-test.txt
-rw-r--r-- 1 runner runner 5 Sep 27 02:27 Source/test.txt
-rw-r--r-- 1 runner runner 30 Sep 27 02:27 Source/Test-ultra-ultime.txt
-rw-r--r-- 1 runner runner 16 Sep 27 02:27 Source/fichier.txt
-rw-r--r-- 1 runner runner 22 Sep 27 02:27 Source/test-ultime.txt
✅ Total fichiers sources: 5

📦 ARCHIVAGE BACKUP EXISTANT
----------------------------
✅ Archive créée: backup_20260927_022712_previous.tar.gz
📋 Contenu archivé:
Backup/
Backup/big-test.txt
Backup/test.txt
Backup/Test-ultra-ultime.txt
Backup/fichier.txt
Backup/test-ultime.txt
[...]
📊 Fichiers archivés: 5

🔄 SYNCHRONISATION
------------------
✅ Synchronisation terminée
📁 Contenu de Backup:
-rw-r--r-- 1 runner runner 10 Sep 27 02:27 Backup/big-test.txt
-rw-r--r-- 1 runner runner 5 Sep 27 02:27 Backup/test.txt
-rw-r--r-- 1 runner runner 30 Sep 27 02:27 Backup/Test-ultra-ultime.txt
-rw-r--r-- 1 runner runner 16 Sep 27 02:27 Backup/fichier.txt
-rw-r--r-- 1 runner runner 22 Sep 27 02:27 Backup/test-ultime.txt
📊 Fichiers dans Backup: 5

📈 RAPPORT DE SESSION
=====================
🕐 Début: Sun Aug 23 12:02:07 UTC 1970
⏱️ Fin: Sun Sep 27 02:27:12 UTC 2026
📁 Fichiers sources: 5
📁 Fichiers backup: 5
📦 Fichiers archivés: 5
📊 Taux de réussite: 83%
🎯 Statut: SUCCÈS
🔚 FIN SESSION - 20260927_022712

🧹 GESTION DU STOCKAGE
---------------------
📦 Archives avant nettoyage: 16
📝 Logs avant nettoyage: 16
🗑️ Nettoyage des anciennes archives...
  Supprimé: backup_20260912_022313_previous.tar.gz
🗑️ Nettoyage des anciens logs...
  Supprimé: backup_20260912_022313.log
✅ Nettoyage terminé
📦 Archives restantes: 15
📝 Logs restants: 15

💾 COMMIT AUTOMATIQUE
---------------------
