🟢 DEBUT SESSION BACKUP - 20260727_031138
======================================
Déclencheur: schedule
Branche: refs/heads/main
Commit: a6881fcd23f62760f4ae3bac9c0944a75c7ba540
Source: Source
Backup: Backup
Archives: Archives
Session: backup_20260727_031138
======================================

📊 AUDIT PRE-BACKUP
-------------------
📁 Contenu de Source:
-rw-r--r-- 1 runner runner 30 Jul 27 03:11 Source/Test-ultra-ultime.txt
-rw-r--r-- 1 runner runner 16 Jul 27 03:11 Source/fichier.txt
-rw-r--r-- 1 runner runner 22 Jul 27 03:11 Source/test-ultime.txt
-rw-r--r-- 1 runner runner 5 Jul 27 03:11 Source/test.txt
-rw-r--r-- 1 runner runner 10 Jul 27 03:11 Source/big-test.txt
✅ Total fichiers sources: 5

📦 ARCHIVAGE BACKUP EXISTANT
----------------------------
✅ Archive créée: backup_20260727_031138_previous.tar.gz
📋 Contenu archivé:
Backup/
Backup/Test-ultra-ultime.txt
Backup/fichier.txt
Backup/test-ultime.txt
Backup/test.txt
Backup/big-test.txt
[...]
📊 Fichiers archivés: 5

🔄 SYNCHRONISATION
------------------
✅ Synchronisation terminée
📁 Contenu de Backup:
-rw-r--r-- 1 runner runner 30 Jul 27 03:11 Backup/Test-ultra-ultime.txt
-rw-r--r-- 1 runner runner 16 Jul 27 03:11 Backup/fichier.txt
-rw-r--r-- 1 runner runner 22 Jul 27 03:11 Backup/test-ultime.txt
-rw-r--r-- 1 runner runner 5 Jul 27 03:11 Backup/test.txt
-rw-r--r-- 1 runner runner 10 Jul 27 03:11 Backup/big-test.txt
📊 Fichiers dans Backup: 5

📈 RAPPORT DE SESSION
=====================
🕐 Début: Sun Aug 23 11:58:47 UTC 1970
⏱️ Fin: Mon Jul 27 03:11:38 UTC 2026
📁 Fichiers sources: 5
📁 Fichiers backup: 5
📦 Fichiers archivés: 5
📊 Taux de réussite: 83%
🎯 Statut: SUCCÈS
🔚 FIN SESSION - 20260727_031138

🧹 GESTION DU STOCKAGE
---------------------
📦 Archives avant nettoyage: 16
📝 Logs avant nettoyage: 16
🗑️ Nettoyage des anciennes archives...
  Supprimé: backup_20260712_031033_previous.tar.gz
🗑️ Nettoyage des anciens logs...
  Supprimé: backup_20260712_031033.log
✅ Nettoyage terminé
📦 Archives restantes: 15
📝 Logs restants: 15

💾 COMMIT AUTOMATIQUE
---------------------
