🟢 DEBUT SESSION BACKUP - 20260731_031015
======================================
Déclencheur: schedule
Branche: refs/heads/main
Commit: 276c9e96dc531302d9b41ad0696f696f717ea606
Source: Source
Backup: Backup
Archives: Archives
Session: backup_20260731_031015
======================================

📊 AUDIT PRE-BACKUP
-------------------
📁 Contenu de Source:
-rw-r--r-- 1 runner runner 30 Jul 31 03:10 Source/Test-ultra-ultime.txt
-rw-r--r-- 1 runner runner 16 Jul 31 03:10 Source/fichier.txt
-rw-r--r-- 1 runner runner 22 Jul 31 03:10 Source/test-ultime.txt
-rw-r--r-- 1 runner runner 5 Jul 31 03:10 Source/test.txt
-rw-r--r-- 1 runner runner 10 Jul 31 03:10 Source/big-test.txt
✅ Total fichiers sources: 5

📦 ARCHIVAGE BACKUP EXISTANT
----------------------------
✅ Archive créée: backup_20260731_031015_previous.tar.gz
📋 Contenu archivé:
Backup/
Backup/Test-ultra-ultime.txt
Backup/fichier.txt
Backup/test-ultime.txt
Backup/test.txt
Backup/big-test.txt
[...]
📊 Fichiers archivés: 5

🔄 SYNCHRONISATION
------------------
✅ Synchronisation terminée
📁 Contenu de Backup:
-rw-r--r-- 1 runner runner 30 Jul 31 03:10 Backup/Test-ultra-ultime.txt
-rw-r--r-- 1 runner runner 16 Jul 31 03:10 Backup/fichier.txt
-rw-r--r-- 1 runner runner 22 Jul 31 03:10 Backup/test-ultime.txt
-rw-r--r-- 1 runner runner 5 Jul 31 03:10 Backup/test.txt
-rw-r--r-- 1 runner runner 10 Jul 31 03:10 Backup/big-test.txt
📊 Fichiers dans Backup: 5

📈 RAPPORT DE SESSION
=====================
🕐 Début: Sun Aug 23 11:58:51 UTC 1970
⏱️ Fin: Fri Jul 31 03:10:15 UTC 2026
📁 Fichiers sources: 5
📁 Fichiers backup: 5
📦 Fichiers archivés: 5
📊 Taux de réussite: 83%
🎯 Statut: SUCCÈS
🔚 FIN SESSION - 20260731_031015

🧹 GESTION DU STOCKAGE
---------------------
📦 Archives avant nettoyage: 16
📝 Logs avant nettoyage: 16
🗑️ Nettoyage des anciennes archives...
  Supprimé: backup_20260716_030859_previous.tar.gz
🗑️ Nettoyage des anciens logs...
  Supprimé: backup_20260716_030859.log
✅ Nettoyage terminé
📦 Archives restantes: 15
📝 Logs restants: 15

💾 COMMIT AUTOMATIQUE
---------------------
