🟢 DEBUT SESSION BACKUP - 20261002_022618
======================================
Déclencheur: schedule
Branche: refs/heads/main
Commit: b45aa102384509094082685bfe52d812f13eda47
Source: Source
Backup: Backup
Archives: Archives
Session: backup_20261002_022618
======================================

📊 AUDIT PRE-BACKUP
-------------------
📁 Contenu de Source:
-rw-r--r-- 1 runner runner 10 Oct  2 02:26 Source/big-test.txt
-rw-r--r-- 1 runner runner 5 Oct  2 02:26 Source/test.txt
-rw-r--r-- 1 runner runner 30 Oct  2 02:26 Source/Test-ultra-ultime.txt
-rw-r--r-- 1 runner runner 16 Oct  2 02:26 Source/fichier.txt
-rw-r--r-- 1 runner runner 22 Oct  2 02:26 Source/test-ultime.txt
✅ Total fichiers sources: 5

📦 ARCHIVAGE BACKUP EXISTANT
----------------------------
✅ Archive créée: backup_20261002_022618_previous.tar.gz
📋 Contenu archivé:
Backup/
Backup/big-test.txt
Backup/test.txt
Backup/Test-ultra-ultime.txt
Backup/fichier.txt
Backup/test-ultime.txt
[...]
📊 Fichiers archivés: 5

🔄 SYNCHRONISATION
------------------
✅ Synchronisation terminée
📁 Contenu de Backup:
-rw-r--r-- 1 runner runner 10 Oct  2 02:26 Backup/big-test.txt
-rw-r--r-- 1 runner runner 5 Oct  2 02:26 Backup/test.txt
-rw-r--r-- 1 runner runner 30 Oct  2 02:26 Backup/Test-ultra-ultime.txt
-rw-r--r-- 1 runner runner 16 Oct  2 02:26 Backup/fichier.txt
-rw-r--r-- 1 runner runner 22 Oct  2 02:26 Backup/test-ultime.txt
📊 Fichiers dans Backup: 5

📈 RAPPORT DE SESSION
=====================
🕐 Début: Sun Aug 23 12:03:22 UTC 1970
⏱️ Fin: Fri Oct  2 02:26:18 UTC 2026
📁 Fichiers sources: 5
📁 Fichiers backup: 5
📦 Fichiers archivés: 5
📊 Taux de réussite: 83%
🎯 Statut: SUCCÈS
🔚 FIN SESSION - 20261002_022618

🧹 GESTION DU STOCKAGE
---------------------
📦 Archives avant nettoyage: 16
📝 Logs avant nettoyage: 16
🗑️ Nettoyage des anciennes archives...
  Supprimé: backup_20260917_022331_previous.tar.gz
🗑️ Nettoyage des anciens logs...
  Supprimé: backup_20260917_022331.log
✅ Nettoyage terminé
📦 Archives restantes: 15
📝 Logs restants: 15

💾 COMMIT AUTOMATIQUE
---------------------
