🟢 DEBUT SESSION BACKUP - 20260922_022412
======================================
Déclencheur: schedule
Branche: refs/heads/main
Commit: 6528e4cbf199ebe4e58ac3f2207820eb74ccb951
Source: Source
Backup: Backup
Archives: Archives
Session: backup_20260922_022412
======================================

📊 AUDIT PRE-BACKUP
-------------------
📁 Contenu de Source:
-rw-r--r-- 1 runner runner 16 Sep 22 02:24 Source/fichier.txt
-rw-r--r-- 1 runner runner 22 Sep 22 02:24 Source/test-ultime.txt
-rw-r--r-- 1 runner runner 10 Sep 22 02:24 Source/big-test.txt
-rw-r--r-- 1 runner runner 5 Sep 22 02:24 Source/test.txt
-rw-r--r-- 1 runner runner 30 Sep 22 02:24 Source/Test-ultra-ultime.txt
✅ Total fichiers sources: 5

📦 ARCHIVAGE BACKUP EXISTANT
----------------------------
✅ Archive créée: backup_20260922_022412_previous.tar.gz
📋 Contenu archivé:
Backup/
Backup/fichier.txt
Backup/test-ultime.txt
Backup/big-test.txt
Backup/test.txt
Backup/Test-ultra-ultime.txt
[...]
📊 Fichiers archivés: 5

🔄 SYNCHRONISATION
------------------
✅ Synchronisation terminée
📁 Contenu de Backup:
-rw-r--r-- 1 runner runner 16 Sep 22 02:24 Backup/fichier.txt
-rw-r--r-- 1 runner runner 22 Sep 22 02:24 Backup/test-ultime.txt
-rw-r--r-- 1 runner runner 10 Sep 22 02:24 Backup/big-test.txt
-rw-r--r-- 1 runner runner 5 Sep 22 02:24 Backup/test.txt
-rw-r--r-- 1 runner runner 30 Sep 22 02:24 Backup/Test-ultra-ultime.txt
📊 Fichiers dans Backup: 5

📈 RAPPORT DE SESSION
=====================
🕐 Début: Sun Aug 23 12:02:02 UTC 1970
⏱️ Fin: Tue Sep 22 02:24:12 UTC 2026
📁 Fichiers sources: 5
📁 Fichiers backup: 5
📦 Fichiers archivés: 5
📊 Taux de réussite: 83%
🎯 Statut: SUCCÈS
🔚 FIN SESSION - 20260922_022412

🧹 GESTION DU STOCKAGE
---------------------
📦 Archives avant nettoyage: 16
📝 Logs avant nettoyage: 16
🗑️ Nettoyage des anciennes archives...
  Supprimé: backup_20260907_022510_previous.tar.gz
🗑️ Nettoyage des anciens logs...
  Supprimé: backup_20260907_022510.log
✅ Nettoyage terminé
📦 Archives restantes: 15
📝 Logs restants: 15

💾 COMMIT AUTOMATIQUE
---------------------
