🟢 DEBUT SESSION BACKUP - 20260808_024230
======================================
Déclencheur: schedule
Branche: refs/heads/main
Commit: 6c8e201de3c4bc2bbb24c3ddc7cfe3b4a3490fd0
Source: Source
Backup: Backup
Archives: Archives
Session: backup_20260808_024230
======================================

📊 AUDIT PRE-BACKUP
-------------------
📁 Contenu de Source:
-rw-r--r-- 1 runner runner 30 Aug  8 02:42 Source/Test-ultra-ultime.txt
-rw-r--r-- 1 runner runner 16 Aug  8 02:42 Source/fichier.txt
-rw-r--r-- 1 runner runner 22 Aug  8 02:42 Source/test-ultime.txt
-rw-r--r-- 1 runner runner 5 Aug  8 02:42 Source/test.txt
-rw-r--r-- 1 runner runner 10 Aug  8 02:42 Source/big-test.txt
✅ Total fichiers sources: 5

📦 ARCHIVAGE BACKUP EXISTANT
----------------------------
✅ Archive créée: backup_20260808_024230_previous.tar.gz
📋 Contenu archivé:
Backup/
Backup/Test-ultra-ultime.txt
Backup/fichier.txt
Backup/test-ultime.txt
Backup/test.txt
Backup/big-test.txt
[...]
📊 Fichiers archivés: 5

🔄 SYNCHRONISATION
------------------
✅ Synchronisation terminée
📁 Contenu de Backup:
-rw-r--r-- 1 runner runner 30 Aug  8 02:42 Backup/Test-ultra-ultime.txt
-rw-r--r-- 1 runner runner 16 Aug  8 02:42 Backup/fichier.txt
-rw-r--r-- 1 runner runner 22 Aug  8 02:42 Backup/test-ultime.txt
-rw-r--r-- 1 runner runner 5 Aug  8 02:42 Backup/test.txt
-rw-r--r-- 1 runner runner 10 Aug  8 02:42 Backup/big-test.txt
📊 Fichiers dans Backup: 5

📈 RAPPORT DE SESSION
=====================
🕐 Début: Sun Aug 23 12:00:08 UTC 1970
⏱️ Fin: Sat Aug  8 02:42:30 UTC 2026
📁 Fichiers sources: 5
📁 Fichiers backup: 5
📦 Fichiers archivés: 5
📊 Taux de réussite: 83%
🎯 Statut: SUCCÈS
🔚 FIN SESSION - 20260808_024230

🧹 GESTION DU STOCKAGE
---------------------
📦 Archives avant nettoyage: 16
📝 Logs avant nettoyage: 16
🗑️ Nettoyage des anciennes archives...
  Supprimé: backup_20260724_030932_previous.tar.gz
🗑️ Nettoyage des anciens logs...
  Supprimé: backup_20260724_030932.log
✅ Nettoyage terminé
📦 Archives restantes: 15
📝 Logs restants: 15

💾 COMMIT AUTOMATIQUE
---------------------
